// Jest Snapshot v1, https://goo.gl/fbAQLP

exports[`SailsTableHead when default props passed matches snapshot 1`] = `
<WithStyles(ForwardRef(Grid))
  item={true}
  xs={12}
>
  <Styled(MuiBox)
    padding="7px 25px"
  >
    <WithStyles(ForwardRef(Grid))
      alignItems="center"
      container={true}
      justify="space-between"
      spacing={0}
    >
      <WithStyles(ForwardRef(Grid))
        item={true}
        xs={4}
      >
        <Styled(MuiBox)
          paddingLeft="10px"
        >
          <SailsTableHeadStyles__IconHolder
            as={[Function]}
            gray={true}
            height="24px"
          />
        </Styled(MuiBox)>
      </WithStyles(ForwardRef(Grid))>
      <WithStyles(ForwardRef(Grid))
        item={true}
        xs={8}
      >
        <WithStyles(ForwardRef(Grid))
          alignItems="center"
          container={true}
          justify="space-between"
          spacing={0}
        >
          <WithStyles(ForwardRef(Grid))
            item={true}
            xs={4}
          >
            <SailsTableHeadStyles__IconHolder
              as={[Function]}
              height="20px"
            />
          </WithStyles(ForwardRef(Grid))>
          <WithStyles(ForwardRef(Grid))
            item={true}
            xs={4}
          >
            <SailsTableHeadStyles__IconHolder
              as={[Function]}
              height="15px"
            />
          </WithStyles(ForwardRef(Grid))>
          <WithStyles(ForwardRef(Grid))
            item={true}
            xs={4}
          >
            <SailsTableHeadStyles__IconHolder
              as={[Function]}
              height="15px"
            />
          </WithStyles(ForwardRef(Grid))>
        </WithStyles(ForwardRef(Grid))>
      </WithStyles(ForwardRef(Grid))>
    </WithStyles(ForwardRef(Grid))>
  </Styled(MuiBox)>
</WithStyles(ForwardRef(Grid))>
`;
